
code.elf:     file format elf32-avr


Disassembly of section .text:

00000000 <__vectors>:
   0:	0c 94 34 00 	jmp	0x68	; 0x68 <__ctors_end>
   4:	0c 94 3e 00 	jmp	0x7c	; 0x7c <__bad_interrupt>
   8:	0c 94 3e 00 	jmp	0x7c	; 0x7c <__bad_interrupt>
   c:	0c 94 3e 00 	jmp	0x7c	; 0x7c <__bad_interrupt>
  10:	0c 94 3e 00 	jmp	0x7c	; 0x7c <__bad_interrupt>
  14:	0c 94 3e 00 	jmp	0x7c	; 0x7c <__bad_interrupt>
  18:	0c 94 3e 00 	jmp	0x7c	; 0x7c <__bad_interrupt>
  1c:	0c 94 3e 00 	jmp	0x7c	; 0x7c <__bad_interrupt>
  20:	0c 94 3e 00 	jmp	0x7c	; 0x7c <__bad_interrupt>
  24:	0c 94 3e 00 	jmp	0x7c	; 0x7c <__bad_interrupt>
  28:	0c 94 3e 00 	jmp	0x7c	; 0x7c <__bad_interrupt>
  2c:	0c 94 3e 00 	jmp	0x7c	; 0x7c <__bad_interrupt>
  30:	0c 94 3e 00 	jmp	0x7c	; 0x7c <__bad_interrupt>
  34:	0c 94 3e 00 	jmp	0x7c	; 0x7c <__bad_interrupt>
  38:	0c 94 3e 00 	jmp	0x7c	; 0x7c <__bad_interrupt>
  3c:	0c 94 3e 00 	jmp	0x7c	; 0x7c <__bad_interrupt>
  40:	0c 94 3e 00 	jmp	0x7c	; 0x7c <__bad_interrupt>
  44:	0c 94 3e 00 	jmp	0x7c	; 0x7c <__bad_interrupt>
  48:	0c 94 3e 00 	jmp	0x7c	; 0x7c <__bad_interrupt>
  4c:	0c 94 3e 00 	jmp	0x7c	; 0x7c <__bad_interrupt>
  50:	0c 94 3e 00 	jmp	0x7c	; 0x7c <__bad_interrupt>
  54:	0c 94 3e 00 	jmp	0x7c	; 0x7c <__bad_interrupt>
  58:	0c 94 3e 00 	jmp	0x7c	; 0x7c <__bad_interrupt>
  5c:	0c 94 3e 00 	jmp	0x7c	; 0x7c <__bad_interrupt>
  60:	0c 94 3e 00 	jmp	0x7c	; 0x7c <__bad_interrupt>
  64:	0c 94 3e 00 	jmp	0x7c	; 0x7c <__bad_interrupt>

00000068 <__ctors_end>:
  68:	11 24       	eor	r1, r1
  6a:	1f be       	out	0x3f, r1	; 63
  6c:	cf ef       	ldi	r28, 0xFF	; 255
  6e:	d8 e0       	ldi	r29, 0x08	; 8
  70:	de bf       	out	0x3e, r29	; 62
  72:	cd bf       	out	0x3d, r28	; 61
  74:	0e 94 55 00 	call	0xaa	; 0xaa <main>
  78:	0c 94 75 00 	jmp	0xea	; 0xea <_exit>

0000007c <__bad_interrupt>:
  7c:	0c 94 00 00 	jmp	0	; 0x0 <__vectors>

00000080 <ledLight>:
  80:	25 b1       	in	r18, 0x05	; 5
  82:	89 2b       	or	r24, r25
  84:	49 f4       	brne	.+18     	; 0x98 <ledLight+0x18>
  86:	81 e0       	ldi	r24, 0x01	; 1
  88:	90 e0       	ldi	r25, 0x00	; 0
  8a:	01 c0       	rjmp	.+2      	; 0x8e <ledLight+0xe>
  8c:	88 0f       	add	r24, r24
  8e:	6a 95       	dec	r22
  90:	ea f7       	brpl	.-6      	; 0x8c <ledLight+0xc>
  92:	80 95       	com	r24
  94:	82 23       	and	r24, r18
  96:	07 c0       	rjmp	.+14     	; 0xa6 <ledLight+0x26>
  98:	81 e0       	ldi	r24, 0x01	; 1
  9a:	90 e0       	ldi	r25, 0x00	; 0
  9c:	01 c0       	rjmp	.+2      	; 0xa0 <ledLight+0x20>
  9e:	88 0f       	add	r24, r24
  a0:	6a 95       	dec	r22
  a2:	ea f7       	brpl	.-6      	; 0x9e <ledLight+0x1e>
  a4:	82 2b       	or	r24, r18
  a6:	85 b9       	out	0x05, r24	; 5
  a8:	08 95       	ret

000000aa <main>:
  aa:	25 9a       	sbi	0x04, 5	; 4
  ac:	2d 98       	cbi	0x05, 5	; 5
  ae:	80 e0       	ldi	r24, 0x00	; 0
  b0:	90 e0       	ldi	r25, 0x00	; 0
  b2:	20 e0       	ldi	r18, 0x00	; 0
  b4:	30 e0       	ldi	r19, 0x00	; 0
  b6:	ef e9       	ldi	r30, 0x9F	; 159
  b8:	ff e0       	ldi	r31, 0x0F	; 15
  ba:	31 97       	sbiw	r30, 0x01	; 1
  bc:	f1 f7       	brne	.-4      	; 0xba <main+0x10>
  be:	00 c0       	rjmp	.+0      	; 0xc0 <main+0x16>
  c0:	00 00       	nop
  c2:	01 96       	adiw	r24, 0x01	; 1
  c4:	21 15       	cp	r18, r1
  c6:	31 05       	cpc	r19, r1
  c8:	51 f4       	brne	.+20     	; 0xde <main+0x34>
  ca:	2d 98       	cbi	0x05, 5	; 5
  cc:	80 3d       	cpi	r24, 0xD0	; 208
  ce:	f7 e0       	ldi	r31, 0x07	; 7
  d0:	9f 07       	cpc	r25, r31
  d2:	8c f3       	brlt	.-30     	; 0xb6 <main+0xc>
  d4:	80 e0       	ldi	r24, 0x00	; 0
  d6:	90 e0       	ldi	r25, 0x00	; 0
  d8:	21 e0       	ldi	r18, 0x01	; 1
  da:	30 e0       	ldi	r19, 0x00	; 0
  dc:	ec cf       	rjmp	.-40     	; 0xb6 <main+0xc>
  de:	2d 9a       	sbi	0x05, 5	; 5
  e0:	88 3e       	cpi	r24, 0xE8	; 232
  e2:	43 e0       	ldi	r20, 0x03	; 3
  e4:	94 07       	cpc	r25, r20
  e6:	3c f3       	brlt	.-50     	; 0xb6 <main+0xc>
  e8:	e2 cf       	rjmp	.-60     	; 0xae <main+0x4>

000000ea <_exit>:
  ea:	f8 94       	cli

000000ec <__stop_program>:
  ec:	ff cf       	rjmp	.-2      	; 0xec <__stop_program>
